{
  "responseHeader":{
    "status":0,
    "QTime":11,
    "params":{
      "facet":"true",
      "indent":"true",
      "facet.limit":"30",
      "json.nl":"arrarr",
      "wt":"json",
      "rows":"2",
      "version":"2.2",
      "start":"0",
      "q":"snow",
      "facet.field":["genreStr",
        "language",
        "hlb3Str"]}},
  "response":{"numFound":152954,"start":0,"docs":[
      {
        "id":"mdp.39015021229243",
        "rights":5,
        "date":"1969",
        "record_no":"000527484",
        "htsource":["University of Michigan"],
        "title":[
          "Technical papers in hydrology., no.2"],
        "issn":[
          "0082-2310"],
        "callnumber":[
          "GB 651 .T25",
          "Classed sep."],
        "oclc":[
          "02441154"],
        "callnosort":[
          "GB 651 .T25",
          "Classed sep."],
        "coll_id":[0],
        "countryOfPubStr":["France"],
        "publishDate":["1969"],
        "Vtitle":[
          "Technical papers in hydrology., no.2"],
        "lccn":[
          "75649114//r76"]},
      {
        "id":"wu.89081524399",
        "rights":1,
        "date":"1918",
        "record_no":"005743895",
        "htsource":["University of Wisconsin"],
        "author":[
          "Association of American Railroads. Bureau of Railway Economics. Library."],
        "title":[
          "A list of references to articles on winter service on railroads.",
          "list of references to articles on winter service on railroads."],
        "sdrnum":[
          "sdr-wu6405130",
          "sdr-ia-nrlf.b132156775"],
        "Vauthor":[
          "Association of American Railroads. Bureau of Railway Economics. Library."],
        "oclc":[
          "30058200"],
        "countryOfPubStr":["United States"],
        "publishDate":["1918"],
        "Vtitle":[
          "A list of references to articles on winter service on railroads.",
          "list of references to articles on winter service on railroads."]}]
  },
  "facet_counts":{
    "facet_queries":{},
    "facet_fields":{
      "genreStr":
      [
        ["Online resources.",88],
        ["Domestic fiction.",79],
        ["Historical fiction.",69],
        ["Publishers' advertisements.",65],
        ["Love stories.",64],
        ["Directories",63],
        ["Psychological fiction.",61],
        ["Dissertations, Academic",31],
        ["Autographs (Provenance).",30],
        ["Detective and mystery stories.",26],
        ["Mystery fiction.",26],
        ["Bildungsromane.",25],
        ["Suspense fiction.",25],
        ["Humorous stories.",18],
        ["Juvenile literature.",18],
        ["Bildungsromans.",16],
        ["Political fiction.",16],
        ["Publishers' cloth bindings (Binding)",16],
        ["School yearbooks.",16],
        ["Biographical fiction.",15],
        ["Humorous fiction.",15],
        ["Short stories.",15],
        ["War stories.",14],
        ["Bookplates (Provenance).",13],
        ["Poems.",13],
        ["Science fiction.",11],
        ["Adventure stories.",10],
        ["Spy stories.",10],
        ["Fantasy fiction.",9],
        ["Christian fiction.",8]],
      "language":
      [
        ["English",144177],
        ["German",4685],
        ["French",4594],
        ["Polish",1338],
        ["Spanish",1119],
        ["Italian",1050],
        ["Russian",842],
        ["Unknown",784],
        ["Japanese",595],
        ["Chinese",572],
        ["Multiple",459],
        ["Latin",406],
        ["Undetermined",347],
        ["Dutch",313],
        ["Swedish",284],
        ["Portuguese",206],
        ["Danish",170],
        ["Korean",169],
        ["Norwegian",132],
        ["Sanskrit",126],
        ["Czech",123],
        ["Hebrew",113],
        ["Ancient Greek",111],
        ["Hungarian",96],
        ["Finnish",84],
        ["Indonesian",80],
        ["Greek",79],
        ["Arabic",72],
        ["Turkish",66],
        ["Hindi",65]],
      "hlb3Str":
      [
        ["Humanities",59397],
        ["Social Sciences",26728],
        ["International Studies",25358],
        ["American Culture",21182],
        ["Science",20015],
        ["General and Comparative Literature",16991],
        ["Engineering",15443],
        ["English Language and Literature",15100],
        ["European Studies",13514],
        ["United States History",11235],
        ["History (General)",9893],
        ["Arts",9882],
        ["Asian Studies",8680],
        ["Health Sciences",8145],
        ["British and Irish Studies",7273],
        ["Government, Politics and Law",7170],
        ["Business",7041],
        ["Biology",6430],
        ["Natural Resources and Environment",6340],
        ["Government Information",6171],
        ["Ecology and Evolutionary Biology",5733],
        ["Education",5548],
        ["Religious Studies",5112],
        ["Art History",4862],
        ["Business (General)",4713],
        ["Political Science",4264],
        ["Art and Design",3758],
        ["Public Health (General)",3497],
        ["Companies and Industry",3467],
        ["Transportation",3293]]},
    "facet_dates":{},
    "facet_ranges":{}}}